# Copyright (C) 2018-2020 Karl Knechtel
# Licensed under the Open Software License version 3.0

# This file is a reference output for a test.
# Blank lines, and lines starting with #, will be ignored in comparison.

!@main 0x0 example
DATA 0x3020100 0x504 0x6 0x7
DATA 0xb0a0908 0xd0c 0xe 0xf
DATA 0x13121110 0x1514 0x16 0x17
DATA 0x1b1a1918 0x1d1c 0x1e 0x1f
DATA 0x23222120 0x2524 0x26 0x27
DATA 0x2b2a2928 0x2d2c 0x2e 0x2f
DATA 0x33323130 0x3534 0x36 0x37
DATA 0x3b3a3938 0x3d3c 0x3e 0x3f
DATA 0x43424140 0x4544 0x46 0x47
DATA 0x4b4a4948 0x4d4c 0x4e 0x4f
DATA 0x53525150 0x5554 0x56 0x57
DATA 0x5b5a5958 0x5d5c 0x5e 0x5f
DATA 0x63626160 0x6564 0x66 0x67
DATA 0x6b6a6968 0x6d6c 0x6e 0x6f
DATA 0x73727170 0x7574 0x76 0x77
DATA 0x7b7a7978 0x7d7c 0x7e 0x7f
!# 0x80
