# Copyright (C) 2018-2020 Karl Knechtel
# Licensed under the Open Software License version 3.0

# This file is a reference output for a test.
# Blank lines, and lines starting with #, will be ignored in comparison.

!@main 0x4 example
DATA 0x7060504 0x908 0xa 0xb
DATA 0xf0e0d0c 0x1110 0x12 0x13
DATA 0x17161514 0x1918 0x1a 0x1b
DATA 0x1f1e1d1c 0x2120 0x22 0x23
DATA 0x27262524 0x2928 0x2a 0x2b
DATA 0x2f2e2d2c 0x3130 0x32 0x33
DATA 0x37363534 0x3938 0x3a 0x3b
DATA 0x3f3e3d3c 0x4140 0x42 0x43
DATA 0x47464544 0x4948 0x4a 0x4b
DATA 0x4f4e4d4c 0x5150 0x52 0x53
DATA 0x57565554 0x5958 0x5a 0x5b
DATA 0x5f5e5d5c 0x6160 0x62 0x63
DATA 0x67666564 0x6968 0x6a 0x6b
DATA 0x6f6e6d6c 0x7170 0x72 0x73
DATA 0x77767574 0x7978 0x7a 0x7b
DATA 0x7f7e7d7c -0x7e80 0x82 -0x7d
!# 0x84
